// Jest Snapshot v1, https://goo.gl/fbAQLP

exports[`renders the EquationRow correctly 1`] = `
<div
  className="equation-row"
>
  <input
    readOnly={true}
    type="text"
  />
</div>
`;
