// Jest Snapshot v1, https://goo.gl/fbAQLP

exports[`renders the Button correctly 1`] = `
<div
  className="button-wrapper "
  onClick={[Function]}
/>
`;
