// Jest Snapshot v1, https://goo.gl/fbAQLP

exports[`renders the ResultRow correctly 1`] = `
<div
  className="result-row"
>
  <input
    readOnly={true}
    type="text"
  />
</div>
`;
